{
  "heading": "Zastępstwa",
  "timeRange": "Okres: 16.09.2024 (pon.) - 16.09.2024 (pon.)",
  "tables": [
    {
      "time": "Dzień: 16.09.2024 (pon.)",
      "weekday": 0,
      "substitutions": [
        {
          "number": 1,
          "timeRange": "08:00-08:45",
          "teacher": "Różańska Dorota",
          "subject": "Wychowanie fizyczne",
          "class": "2TA|2/2",
          "room": "G3",
          "case": "Zastępstwo"
        },
        {
          "number": 2,
          "timeRange": "08:50-09:35",
          "teacher": "Różańska Dorota",
          "subject": "Wychowanie fizyczne",
          "class": "2TA|2/2",
          "room": "G3",
          "case": "Zastępstwo"
        },
        {
          "number": 3,
          "timeRange": "09:40-10:25",
          "teacher": "Lach Katarzyna",
          "subject": "Opieka nad uczniami",
          "class": "3TE|2/2",
          "room": "W18",
          "case": "Stokłosa Elżbieta"
        },
        {
          "number": 4,
          "timeRange": "10:40-11:25",
          "teacher": "Benesz Monika",
          "subject": "Język angielski",
          "class": "1TS|1/2",
          "room": "W11",
          "case": "Zastępstwo"
        },
        {
          "number": 4,
          "timeRange": "10:40-11:25",
          "teacher": "Czerkas Magdalena",
          "subject": "Geografia",
          "class": "5Ti",
          "room": "16",
          "case": "Przeniesiona",
          "lessonSubstitute": [
            {
              "subject": "peryf.w.ai",
              "teacher": "Oż",
              "room": "16",
              "groupName": "2/2"
            }
          ]
        },
        {
          "number": 4,
          "timeRange": "10:40-11:25",
          "teacher": "Lach Katarzyna",
          "subject": "Język angielski",
          "class": "3TG|2/2",
          "room": "WPT",
          "case": "Przeniesiona",
          "lessonSubstitute": [
            {
              "subject": "j.angielski",
              "teacher": "GA",
              "room": "36",
              "groupName": "1/2"
            },
            {
              "subject": "j.angielski",
              "teacher": "GA",
              "room": "36",
              "groupName": "2/2"
            }
          ]
        },
        {
          "number": 4,
          "timeRange": "10:40-11:25",
          "teacher": "Tutka Artur",
          "subject": "Język angielski",
          "class": "3TG|2/2",
          "room": "36",
          "case": "Górecki Adam"
        },
        {
          "number": 4,
          "timeRange": "10:40-11:25",
          "teacher": "Tutka Artur",
          "subject": "Informatyka",
          "class": "3TG|1/2",
          "room": "36",
          "case": "Przeniesiona",
          "lessonSubstitute": [
            {
              "subject": "j.angielski",
              "teacher": "GA",
              "room": "26",
              "groupName": "1/2"
            },
            {
              "subject": "informatyka",
              "teacher": "Tu",
              "room": "26",
              "groupName": "2/2"
            }
          ]
        },
        {
          "number": 5,
          "timeRange": "11:30-12:15",
          "teacher": "Benesz Monika",
          "subject": "Język angielski",
          "class": "1TS|2/2",
          "room": "W11",
          "case": "Zastępstwo"
        },
        {
          "number": 5,
          "timeRange": "11:30-12:15",
          "teacher": "Bereza Jadwiga",
          "subject": "Wiedza o społeczeństwie",
          "class": "4TS",
          "room": "W15",
          "case": "Przeniesiona",
          "lessonSubstitute": [
            {
              "subject": "eksp.poj.sam",
              "teacher": "Żo",
              "room": "W15"
            }
          ]
        },
        {
          "number": 6,
          "timeRange": "12:20-13:05",
          "teacher": "Benesz Monika",
          "subject": "Wychowanie fizyczne",
          "class": "1TI|t.gripolcy",
          "room": "",
          "case": "Guziewicz Grzegorz"
        },
        {
          "number": 6,
          "timeRange": "12:20-13:05",
          "teacher": "Bereza Jadwiga",
          "subject": "Historia",
          "class": "5Ti",
          "room": "W12",
          "case": "Uczniowie zwolnieni do domu"
        },
        {
          "number": 6,
          "timeRange": "12:20-13:05",
          "teacher": "Lach Katarzyna",
          "subject": "Język obcy zawodowy w branży samochodowej",
          "class": "3BS",
          "room": "",
          "case": "Uczniowie przychodzą później"
        },
        {
          "number": 6,
          "timeRange": "12:20-13:05",
          "teacher": "Różańska Dorota",
          "subject": "Wychowanie fizyczne",
          "class": "1TS|2/2",
          "room": "",
          "case": "Zastępstwo"
        },
        {
          "number": 7,
          "timeRange": "13:10-13:55",
          "teacher": "Benesz Monika",
          "subject": "Opieka nad uczniami",
          "class": "1BK|kiermech",
          "room": "32",
          "case": "Włoch Joanna"
        },
        {
          "number": 7,
          "timeRange": "13:10-13:55",
          "teacher": "Bereza Jadwiga",
          "subject": "Historia",
          "class": "3BS",
          "room": "",
          "case": "Uczniowie przychodzą później"
        },
        {
          "number": 7,
          "timeRange": "13:10-13:55",
          "teacher": "Drabik Piotr",
          "subject": "Sieciowe systemy operacyjne",
          "class": "2TI|1/2",
          "room": "",
          "case": "Przeniesiona",
          "lessonSubstitute": [
            {
              "subject": "proj.str.int",
              "teacher": "Wa",
              "room": "36",
              "groupName": "1/2"
            }
          ]
        },
        {
          "number": 7,
          "timeRange": "13:10-13:55",
          "teacher": "Lach Katarzyna",
          "subject": "Język angielski",
          "class": "2BK|elpojsam",
          "room": "16",
          "case": "Górecki Adam"
        },
        {
          "number": 7,
          "timeRange": "13:10-13:55",
          "teacher": "Tutka Artur",
          "subject": "Opieka nad uczniami",
          "class": "1BK|elpojsam",
          "room": "32",
          "case": "Włoch Joanna"
        },
        {
          "number": 8,
          "timeRange": "14:00-14:45",
          "teacher": "Drabik Piotr",
          "subject": "Sieciowe systemy operacyjne",
          "class": "2TI|1/2",
          "room": "",
          "case": "Przeniesiona",
          "lessonSubstitute": [
            {
              "subject": "proj.str.int",
              "teacher": "Wa",
              "room": "36",
              "groupName": "1/2"
            }
          ]
        },
        {
          "number": 8,
          "timeRange": "14:00-14:45",
          "teacher": "Lach Katarzyna",
          "subject": "Język niemiecki",
          "class": "3TT|t.automat",
          "room": "W1",
          "case": "Rydzik Monika"
        },
        {
          "number": 9,
          "timeRange": "14:50-15:35",
          "teacher": "Drabik Piotr",
          "subject": "Sieciowe systemy operacyjne",
          "class": "2TI|2/2",
          "room": "",
          "case": "Uczniowie zwolnieni do domu"
        },
        {
          "number": 9,
          "timeRange": "14:50-15:35",
          "teacher": "Lach Katarzyna",
          "subject": "Język angielski",
          "class": "3TM",
          "room": "16",
          "case": "Uczniowie zwolnieni do domu"
        },
        {
          "number": 10,
          "timeRange": "15:40-16:25",
          "teacher": "Drabik Piotr",
          "subject": "Sieciowe systemy operacyjne",
          "class": "2TI|2/2",
          "room": "",
          "case": "Uczniowie zwolnieni do domu"
        },
        {
          "number": 12,
          "timeRange": "17:25-18:10",
          "teacher": "Drabik Piotr",
          "subject": "Eksploatacja urządzeń sieciowych",
          "class": "3TI",
          "room": "35",
          "case": "Uczniowie zwolnieni do domu"
        }
      ]
    }
  ]
}